Caldisphaera_lagunensis_DSM_15908	Outgroup	grey
Fervidicoccus_fontis_Kam940	Outgroup	grey
Sulfolobus_solfataricus_P2	Outgroup	grey
Pyrodictium_delaneyi	Outgroup	grey
Vulcanisaeta_distributa_DSM_14429	Outgroup	grey
Candidatus_Caldiarchaeum_subterraneum	Outgroup	grey
Candidatus_Nitrosopelagicus_brevis	Outgroup	grey
Candidatus_Nitrosopumilus_koreensis_AR1	Outgroup	grey
Candidatus_Nitrosotenuis_cloacae	Outgroup	grey
Nitrososphaera_viennensis_EN76	Outgroup	grey
Candidatus_Methanomassiliicoccus_intestinalis_Issoire-Mx1	Thermoplasmatales	red
Methanomassiliicoccales_archaeon_RumEn_M1	Thermoplasmatales	red
Methanomicrobia_archaeon_DTU008	Thermoplasmatales	red
Methanomassiliicoccales_archaeon_RumEn_M2	Thermoplasmatales	red
Thermoplasmatales_archaeon_BRNA1	Thermoplasmatales	red
methanogenic_archaeon_ISO4-H5	Thermoplasmatales	red
Euryarchaeota_archaeon_RBG_13_57_23	Thermoplasmatales	red
Euryarchaeota_archaeon_RBG_19FT_COMBO_56_21	Thermoplasmatales	red
Euryarchaeota_archaeon_RBG_16_62_10	Thermoplasmatales	red
Euryarchaeota_archaeon_RBG_16_67_27	Thermoplasmatales	red
Euryarchaeota_archaeon_RBG_16_68_13	Thermoplasmatales	red
Euryarchaeota_archaeon_RBG_19FT_COMBO_69_17	Thermoplasmatales	red
Euryarchaeota_archaeon_RBG_16_68_12	Thermoplasmatales	red
Euryarchaeota_archaeon_SG8-5	Thermoplasmatales	red
Thermoplasmatales_archaeon_SG8-52-1	Thermoplasmatales	red
Thermoplasmatales_archaeon_SG8-52-4	Thermoplasmatales	red
Thermoplasmatales_archaeon_SG8-52-2	Thermoplasmatales	red
Thermoplasmatales_archaeon_SG8-52-3	Thermoplasmatales	red
Thermoplasmatales_archaeon_SM1-50	Thermoplasmatales	red
Euryarchaeota_archaeon_TMED103	Thermoplasmatales	red
Euryarchaeota_archaeon_TMED141	Thermoplasmatales	red
Euryarchaeota_archaeon_TMED252	Thermoplasmatales	red
Euryarchaeota_archaeon_TMED132	Thermoplasmatales	red
Euryarchaeota_archaeon_TMED248	Thermoplasmatales	red
Euryarchaeota_archaeon_TMED99	Thermoplasmatales	red
uncultured_marine_group_II_euryarchaeote	Thermoplasmatales	red
Euryarchaeota_archaeon_TMED279	Thermoplasmatales	red
Euryarchaeota_archaeon_TMED164	Thermoplasmatales	red
Marine_group_II_euryarchaeote_REDSEA_S1_1	Thermoplasmatales	red
Marine_group_II_euryarchaeote_REDSEA_S1_2	Thermoplasmatales	red
Marine_group_II_euryarchaeote_REDSEA_S3	Thermoplasmatales	red
Euryarchaeota_archaeon_TMED97	Thermoplasmatales	red
Marine_group_II_euryarchaeote_REDSEA_S0	Thermoplasmatales	red
Euryarchaeota_archaeon_TMED192	Thermoplasmatales	red
Euryarchaeota_archaeon_TMED255	Thermoplasmatales	red
Marine_Group_III_euryarchaeote_CG-Bathy1	Thermoplasmatales	red
Marine_Group_III_euryarchaeote_CG-Bathy2	Thermoplasmatales	red
Marine_Group_III_euryarchaeote_CG-Epi1	Thermoplasmatales	red
Marine_Group_III_euryarchaeote_CG-Epi2	Thermoplasmatales	red
Cuniculiplasma_divulgatum	Thermoplasmatales	red
Thermoplasmatales_archaeon_E-plasma	Thermoplasmatales	red
Thermogymnomonas_acidicola_JCM_13583	Thermoplasmatales	red
Thermoplasmatales_archaeon_A-plasma	Thermoplasmatales	red
Thermoplasmatales_archaeon_B_DKE	Thermoplasmatales	red
Ferroplasma_acidarmanus_fer1	Thermoplasmatales	red
Picrophilus_torridus_DSM_9790	Thermoplasmatales	red
Thermoplasma_volcanium_GSS1	Thermoplasmatales	red
Thermoplasmatales_archaeon_I-plasma	Thermoplasmatales	red
Aciduliprofundum_sp_JdFR_45	Thermoplasmatales	red
Aciduliprofundum_boonei_T469	Thermoplasmatales	red
Aciduliprofundum_sp._MAR08-339	Thermoplasmatales	red
Archaeoglobi_archaeon_JdFR_42	Methanotecta	green
Archaeoglobus_fulgidus_DSM_4304	Methanotecta	green
Archaeoglobus_sulfaticallidus_PM70-1	Methanotecta	green
Archaeoglobus_veneficus_SNP6	Methanotecta	green
Ferroglobus_placidus_DSM_10642	Methanotecta	green
Geoglobus_acetivorans	Methanotecta	green
Euryarchaeota_archaeon_JdFR_21	Methanotecta	green
Candidatus_Halobonum_tyrrellensis_G22	Methanotecta	green
halophilic_archaeon_J07HB67	Methanotecta	green
halophilic_archaeon_DL31	Methanotecta	green
Haloferax_volcanii_DS2	Methanotecta	green
halophilic_archaeon_True-ADL	Methanotecta	green
Halorubrum_lacusprofundi_ATCC_49239	Methanotecta	green
haloarchaeon_3A1_DGR	Methanotecta	green
Halalkalicoccus_jeotgali_B3	Methanotecta	green
Halococcus_salifodinae_DSM_8989	Methanotecta	green
Haloarcula_hispanica_ATCC_33960	Methanotecta	green
halophilic_archaeon_J07HX64	Methanotecta	green
Haloterrigena_turkmenica_DSM_5511	Methanotecta	green
bin_117	Methanotecta	green
bin_172	Methanotecta	green
bin_91	Methanotecta	green
bin_125	Methanotecta	green
bin_160	Methanotecta	green
Candidatus_Methanoperedens_nitroreducens	Methanotecta	green
Methanosarcina_acetivorans_C2A	Methanotecta	green
Euryarchaeota_archaeon_JGI_0000059-G05	Methanotecta	green
Methanosaeta_concilii_GP6	Methanotecta	green
Methanosarcinales_archaeon_Methan_03	Methanotecta	green
Methanosarcinales_archaeon_Methan_01	Methanotecta	green
Methanosarcinales_archaeon_Methan_02	Methanotecta	green
Methanomicrobia_archaeon_JdFR_19	Methanotecta	green
Methermicoccus_shengliensis_DSM_18856	Methanotecta	green
Candidatus_Syntrophoarchaeum_butanivorans	Methanotecta	green
Candidatus_Syntrophoarchaeum_caldarius	Methanotecta	green
Methanocella_arvoryzae_MRE50	Methanotecta	green
Methanocella_conradii_HZ254	Methanotecta	green
Methanocella_paludicola_SANAE	Methanotecta	green
Methanocorpusculum_labreanum_Z	Methanotecta	green
Methanomicrobiales_archaeon_53_19	Methanotecta	green
Methanosphaerula_palustris_E1-9c	Methanotecta	green
Methanolacinia_petrolearia_DSM_11571	Methanotecta	green
Methanomicrobiales_archaeon_Methan_07	Methanotecta	green
Methanomicrobiales_archaeon_Methan_06	Methanotecta	green
Methanospirillum_hungatei_JF-1	Methanotecta	green
Euryarchaeota_archaeon_AMET1	Methanotecta	green
Euryarchaeota_archaeon_HMET1	Methanotecta	green
Ca_Hydrothermarchaeota_archaeon_JdFR_17	Methanobacteria	orange
Ca_Hydrothermarchaeota_archaeon_JdFR_18	Methanobacteria	orange
Methanobacteriaceae_archaeon_41_258	Methanobacteria	orange
Methanobacterium_arcticum_M2	Methanobacteria	orange
Methanobacterium_congolense	Methanobacteria	orange
Methanobacterium_paludis	Methanobacteria	orange
Methanobacterium_lacus	Methanobacteria	orange
Methanobacterium_formicicum	Methanobacteria	orange
Methanosphaera_sp._WGK6	Methanobacteria	orange
Methanosphaera_stadtmanae_DSM_3091	Methanobacteria	orange
Methanobrevibacter_curvatus	Methanobacteria	orange
Methanobrevibacter_filiformis	Methanobacteria	orange
Methanobrevibacter_cuticularis	Methanobacteria	orange
Methanobrevibacter_ruminantium_M1	Methanobacteria	orange
Methanobrevibacter_smithii_ATCC_35061	Methanobacteria	orange
Methanobrevibacter_wolinii_SH	Methanobacteria	orange
Methanothermobacter_thermautotrophicus_str._Delta_H	Methanobacteria	orange
Methanothermus_fervidus_DSM_2088	Methanobacteria	orange
Methanocaldococcus_vulcanius_M7	Methanobacteria	orange
Methanococcus_voltae_A3	Methanobacteria	orange
Methanothermococcus_okinawensis_IH1	Methanobacteria	orange
Methanotorris_igneus_Kol_5	Methanobacteria	orange
Arc_I_group_archaeon_BMIXfssc0709_Meth_Bin006	Theionarchaea	blue
Arc_I_group_archaeon_U1lsi0528_Bin089	Theionarchaea	blue
Theionarchaea_archaeon_DG-70	Theionarchaea	blue
Theionarchaea_archaeon_DG-70-1	Theionarchaea	blue
Palaeococcus_pacificus_DY20341	Theionarchaea	blue
Thermococcales_archaeon_44_46	Theionarchaea	blue
Thermococcus_litoralis_DSM_5473	Theionarchaea	blue
Pyrococcus_furiosus_DSM_3638	Theionarchaea	blue
Hadesarchaea_archaeon_DG-33	Hadesarchaea	black
Hadesarchaea_archaeon_YNP_45	Hadesarchaea	black
Hadesarchaea_archaeon_DG-33-1	Hadesarchaea	black
Hadesarchaea_archaeon_YNP_N21	Hadesarchaea	black